Obtaining file:///Users/jiashuyang/Documents/kimi/Workspaces/longhorizonOS/longhorizonos
  Installing build dependencies: started
  Installing build dependencies: finished with status 'done'
  Checking if build backend supports build_editable: started
  Checking if build backend supports build_editable: finished with status 'done'
  Getting requirements to build editable: started
  Getting requirements to build editable: finished with status 'done'
  Preparing editable metadata (pyproject.toml): started
  Preparing editable metadata (pyproject.toml): finished with status 'done'
Collecting pydantic>=2.5 (from lhos==0.1.0)
  Using cached pydantic-2.13.4-py3-none-any.whl.metadata (109 kB)
Collecting pyyaml>=6.0 (from lhos==0.1.0)
  Using cached pyyaml-6.0.3-cp311-cp311-macosx_11_0_arm64.whl.metadata (2.4 kB)
Collecting networkx>=3.0 (from lhos==0.1.0)
  Using cached networkx-3.6.1-py3-none-any.whl.metadata (6.8 kB)
Collecting pytest>=8.0 (from lhos==0.1.0)
  Using cached pytest-9.1.1-py3-none-any.whl.metadata (7.6 kB)
Collecting pytest-cov>=5.0 (from lhos==0.1.0)
  Using cached pytest_cov-7.1.0-py3-none-any.whl.metadata (32 kB)
Collecting ruff>=0.6 (from lhos==0.1.0)
  Using cached ruff-0.16.1-py3-none-macosx_11_0_arm64.whl.metadata (26 kB)
Collecting mypy>=1.10 (from lhos==0.1.0)
  Using cached mypy-2.3.0-cp311-cp311-macosx_11_0_arm64.whl.metadata (2.4 kB)
Collecting typing_extensions>=4.6.0 (from mypy>=1.10->lhos==0.1.0)
  Using cached typing_extensions-4.16.0-py3-none-any.whl.metadata (3.3 kB)
Collecting mypy_extensions>=1.0.0 (from mypy>=1.10->lhos==0.1.0)
  Using cached mypy_extensions-1.1.0-py3-none-any.whl.metadata (1.1 kB)
Collecting pathspec>=1.0.0 (from mypy>=1.10->lhos==0.1.0)
  Using cached pathspec-1.1.1-py3-none-any.whl.metadata (14 kB)
Collecting librt>=0.13.0 (from mypy>=1.10->lhos==0.1.0)
  Using cached librt-0.13.0-cp311-cp311-macosx_11_0_arm64.whl.metadata (1.3 kB)
Collecting ast-serialize<1.0.0,>=0.6.0 (from mypy>=1.10->lhos==0.1.0)
  Using cached ast_serialize-0.6.0-cp39-abi3-macosx_11_0_arm64.whl.metadata (1.3 kB)
Collecting annotated-types>=0.6.0 (from pydantic>=2.5->lhos==0.1.0)
  Using cached annotated_types-0.8.0-py3-none-any.whl.metadata (15 kB)
Collecting pydantic-core==2.46.4 (from pydantic>=2.5->lhos==0.1.0)
  Using cached pydantic_core-2.46.4-cp311-cp311-macosx_11_0_arm64.whl.metadata (6.6 kB)
Collecting typing-inspection>=0.4.2 (from pydantic>=2.5->lhos==0.1.0)
  Using cached typing_inspection-0.4.2-py3-none-any.whl.metadata (2.6 kB)
Collecting iniconfig>=1.0.1 (from pytest>=8.0->lhos==0.1.0)
  Using cached iniconfig-2.3.0-py3-none-any.whl.metadata (2.5 kB)
Collecting packaging>=22 (from pytest>=8.0->lhos==0.1.0)
  Using cached packaging-26.2-py3-none-any.whl.metadata (3.5 kB)
Collecting pluggy<2,>=1.5 (from pytest>=8.0->lhos==0.1.0)
  Using cached pluggy-1.6.0-py3-none-any.whl.metadata (4.8 kB)
Collecting pygments>=2.7.2 (from pytest>=8.0->lhos==0.1.0)
  Using cached pygments-2.20.0-py3-none-any.whl.metadata (2.5 kB)
Collecting coverage>=7.10.6 (from coverage[toml]>=7.10.6->pytest-cov>=5.0->lhos==0.1.0)
  Using cached coverage-7.15.3-cp311-cp311-macosx_11_0_arm64.whl.metadata (8.6 kB)
Downloading mypy-2.3.0-cp311-cp311-macosx_11_0_arm64.whl (13.9 MB)
   ━━━━━━━━━━━━━━━━━━━━━━━━━━━━━━━━━━━━━━━━ 13.9/13.9 MB 1.6 MB/s  0:00:08
Using cached ast_serialize-0.6.0-cp39-abi3-macosx_11_0_arm64.whl (1.2 MB)
Downloading librt-0.13.0-cp311-cp311-macosx_11_0_arm64.whl (153 kB)
Using cached mypy_extensions-1.1.0-py3-none-any.whl (5.0 kB)
Using cached networkx-3.6.1-py3-none-any.whl (2.1 MB)
Using cached pathspec-1.1.1-py3-none-any.whl (57 kB)
Using cached pydantic-2.13.4-py3-none-any.whl (472 kB)
Using cached pydantic_core-2.46.4-cp311-cp311-macosx_11_0_arm64.whl (1.9 MB)
Using cached annotated_types-0.8.0-py3-none-any.whl (13 kB)
Using cached pytest-9.1.1-py3-none-any.whl (386 kB)
Using cached pluggy-1.6.0-py3-none-any.whl (20 kB)
Using cached iniconfig-2.3.0-py3-none-any.whl (7.5 kB)
Using cached packaging-26.2-py3-none-any.whl (100 kB)
Using cached pygments-2.20.0-py3-none-any.whl (1.2 MB)
Using cached pytest_cov-7.1.0-py3-none-any.whl (22 kB)
Downloading coverage-7.15.3-cp311-cp311-macosx_11_0_arm64.whl (222 kB)
Using cached pyyaml-6.0.3-cp311-cp311-macosx_11_0_arm64.whl (175 kB)
Using cached ruff-0.16.1-py3-none-macosx_11_0_arm64.whl (10.6 MB)
Using cached typing_extensions-4.16.0-py3-none-any.whl (45 kB)
Using cached typing_inspection-0.4.2-py3-none-any.whl (14 kB)
Building wheels for collected packages: lhos
  Building editable for lhos (pyproject.toml): started
  Building editable for lhos (pyproject.toml): finished with status 'done'
  Created wheel for lhos: filename=lhos-0.1.0-0.editable-py3-none-any.whl size=5236 sha256=37e3fd9bcbc0f67dcdeac2314db3bff6275885406bba3badd0283402e3349d2b
  Stored in directory: /private/var/folders/tn/75w68qc90738s34l47pd28hm0000gn/T/pip-ephem-wheel-cache-lybb3t72/wheels/79/02/69/2ce0953b18475ffd7358da9c118606de1095bb1d37c7850066
Successfully built lhos
Installing collected packages: typing_extensions, ruff, pyyaml, pygments, pluggy, pathspec, packaging, networkx, mypy_extensions, librt, iniconfig, coverage, ast-serialize, annotated-types, typing-inspection, pytest, pydantic-core, mypy, pytest-cov, pydantic, lhos

Successfully installed annotated-types-0.8.0 ast-serialize-0.6.0 coverage-7.15.3 iniconfig-2.3.0 lhos-0.1.0 librt-0.13.0 mypy-2.3.0 mypy_extensions-1.1.0 networkx-3.6.1 packaging-26.2 pathspec-1.1.1 pluggy-1.6.0 pydantic-2.13.4 pydantic-core-2.46.4 pygments-2.20.0 pytest-9.1.1 pytest-cov-7.1.0 pyyaml-6.0.3 ruff-0.16.1 typing-inspection-0.4.2 typing_extensions-4.16.0
